// Jest Snapshot v1, https://goo.gl/fbAQLP

exports[`should render Dashboard correctly 1`] = `
<div>
  <h5>
    Please click the ADD button to fill the form
  </h5>
  <button
    className="btn-large red"
    onClick={[Function]}
  >
    Add
    <i
      className="material-icons right"
    >
      add
    </i>
  </button>
</div>
`;
